Archive member included to satisfy reference by file (symbol)

/data/f-of-e-tools/tools/sunflower/tools/tools-lib//riscv/libprintf.a(printf.o)
                              bsort-sf.o (printf_)
/data/f-of-e-tools/tools/sunflower/tools/tools-lib//riscv/libprintf.a(putchar.o)
                              /data/f-of-e-tools/tools/sunflower/tools/tools-lib//riscv/libprintf.a(printf.o) (_putchar)
/data/f-of-e-tools/tools/sunflower/tools/tools-lib//riscv/libc.a(lib_a-exit.o)
                              init-sf.o (exit)
/data/f-of-e-tools/tools/sunflower/tools/tools-lib//riscv/libc.a(lib_a-impure.o)
                              /data/f-of-e-tools/tools/sunflower/tools/tools-lib//riscv/libc.a(lib_a-exit.o) (_global_impure_ptr)
/data/f-of-e-tools/tools/sunflower/tools/tools-lib//riscv/libc.a(lib_a-memcpy.o)
                              bsort-sf.o (memcpy)
/data/f-of-e-tools/tools/sunflower/tools/tools-lib//riscv/libc.a(lib_a-syswrite.o)
                              /data/f-of-e-tools/tools/sunflower/tools/tools-lib//riscv/libprintf.a(putchar.o) (write)
/data/f-of-e-tools/tools/sunflower/tools/tools-lib//riscv/libc.a(lib_a-writer.o)
                              /data/f-of-e-tools/tools/sunflower/tools/tools-lib//riscv/libc.a(lib_a-syswrite.o) (_write_r)
/data/f-of-e-tools/tools/sunflower/tools/tools-lib//riscv/libc.a(lib_a-__call_atexit.o)
                              /data/f-of-e-tools/tools/sunflower/tools/tools-lib//riscv/libc.a(lib_a-exit.o) (__call_exitprocs)
/data/f-of-e-tools/tools/sunflower/tools/tools-lib//riscv/libc.a(lib_a-reent.o)
                              /data/f-of-e-tools/tools/sunflower/tools/tools-lib//riscv/libc.a(lib_a-writer.o) (errno)
/data/f-of-e-tools/tools/sunflower/tools/tools-lib//riscv/libc.a(lib_a-freer.o)
                              /data/f-of-e-tools/tools/sunflower/tools/tools-lib//riscv/libc.a(lib_a-reent.o) (_free_r)
/data/f-of-e-tools/tools/sunflower/tools/tools-lib//riscv/libc.a(lib_a-mallocr.o)
                              /data/f-of-e-tools/tools/sunflower/tools/tools-lib//riscv/libc.a(lib_a-freer.o) (__malloc_top_pad)
/data/f-of-e-tools/tools/sunflower/tools/tools-lib//riscv/libc.a(lib_a-mlock.o)
                              /data/f-of-e-tools/tools/sunflower/tools/tools-lib//riscv/libc.a(lib_a-freer.o) (__malloc_lock)
/data/f-of-e-tools/tools/sunflower/tools/tools-lib//riscv/libc.a(lib_a-sbrkr.o)
                              /data/f-of-e-tools/tools/sunflower/tools/tools-lib//riscv/libc.a(lib_a-freer.o) (_sbrk_r)
/data/f-of-e-tools/tools/sunflower/tools/tools-lib//riscv/libgcc.a(_udivdi3.o)
                              /data/f-of-e-tools/tools/sunflower/tools/tools-lib//riscv/libprintf.a(printf.o) (__udivdi3)
/data/f-of-e-tools/tools/sunflower/tools/tools-lib//riscv/libgcc.a(_umoddi3.o)
                              /data/f-of-e-tools/tools/sunflower/tools/tools-lib//riscv/libprintf.a(printf.o) (__umoddi3)
/data/f-of-e-tools/tools/sunflower/tools/tools-lib//riscv/libgcc.a(adddf3.o)
                              /data/f-of-e-tools/tools/sunflower/tools/tools-lib//riscv/libprintf.a(printf.o) (__adddf3)
/data/f-of-e-tools/tools/sunflower/tools/tools-lib//riscv/libgcc.a(divdf3.o)
                              /data/f-of-e-tools/tools/sunflower/tools/tools-lib//riscv/libprintf.a(printf.o) (__divdf3)
/data/f-of-e-tools/tools/sunflower/tools/tools-lib//riscv/libgcc.a(eqdf2.o)
                              /data/f-of-e-tools/tools/sunflower/tools/tools-lib//riscv/libprintf.a(printf.o) (__nedf2)
/data/f-of-e-tools/tools/sunflower/tools/tools-lib//riscv/libgcc.a(gedf2.o)
                              /data/f-of-e-tools/tools/sunflower/tools/tools-lib//riscv/libprintf.a(printf.o) (__gedf2)
/data/f-of-e-tools/tools/sunflower/tools/tools-lib//riscv/libgcc.a(ledf2.o)
                              /data/f-of-e-tools/tools/sunflower/tools/tools-lib//riscv/libprintf.a(printf.o) (__ltdf2)
/data/f-of-e-tools/tools/sunflower/tools/tools-lib//riscv/libgcc.a(muldf3.o)
                              /data/f-of-e-tools/tools/sunflower/tools/tools-lib//riscv/libprintf.a(printf.o) (__muldf3)
/data/f-of-e-tools/tools/sunflower/tools/tools-lib//riscv/libgcc.a(subdf3.o)
                              /data/f-of-e-tools/tools/sunflower/tools/tools-lib//riscv/libprintf.a(printf.o) (__subdf3)
/data/f-of-e-tools/tools/sunflower/tools/tools-lib//riscv/libgcc.a(fixdfsi.o)
                              /data/f-of-e-tools/tools/sunflower/tools/tools-lib//riscv/libprintf.a(printf.o) (__fixdfsi)
/data/f-of-e-tools/tools/sunflower/tools/tools-lib//riscv/libgcc.a(fixunsdfsi.o)
                              /data/f-of-e-tools/tools/sunflower/tools/tools-lib//riscv/libprintf.a(printf.o) (__fixunsdfsi)
/data/f-of-e-tools/tools/sunflower/tools/tools-lib//riscv/libgcc.a(floatsidf.o)
                              /data/f-of-e-tools/tools/sunflower/tools/tools-lib//riscv/libprintf.a(printf.o) (__floatsidf)
/data/f-of-e-tools/tools/sunflower/tools/tools-lib//riscv/libgcc.a(floatunsidf.o)
                              /data/f-of-e-tools/tools/sunflower/tools/tools-lib//riscv/libprintf.a(printf.o) (__floatunsidf)
/data/f-of-e-tools/tools/sunflower/tools/tools-lib//riscv/libgcc.a(muldi3.o)
                              /data/f-of-e-tools/tools/sunflower/tools/tools-lib//riscv/libgcc.a(_udivdi3.o) (__mulsi3)
/data/f-of-e-tools/tools/sunflower/tools/tools-lib//riscv/libgcc.a(div.o)
                              /data/f-of-e-tools/tools/sunflower/tools/tools-lib//riscv/libprintf.a(printf.o) (__divsi3)
/data/f-of-e-tools/tools/sunflower/tools/tools-lib//riscv/libgcc.a(_clz.o)
                              /data/f-of-e-tools/tools/sunflower/tools/tools-lib//riscv/libgcc.a(_udivdi3.o) (__clz_tab)
/data/f-of-e-tools/tools/sunflower/tools/tools-lib//riscv/libgcc.a(_clzsi2.o)
                              /data/f-of-e-tools/tools/sunflower/tools/tools-lib//riscv/libgcc.a(adddf3.o) (__clzsi2)
/data/f-of-e-tools/tools/sunflower/tools/tools-lib//riscv/libgloss.a(syscalls.o)
                              /data/f-of-e-tools/tools/sunflower/tools/tools-lib//riscv/libc.a(lib_a-writer.o) (_write)

Allocating common symbols
Common symbol       size              file

errno               0x4               /data/f-of-e-tools/tools/sunflower/tools/tools-lib//riscv/libc.a(lib_a-reent.o)

Memory Configuration

Name             Origin             Length             Attributes
*default*        0x0000000000000000 0xffffffffffffffff

Linker script and memory map

Address of section .text set to 0x8004000
LOAD init-sf.o
LOAD bsort-sf.o
LOAD /data/f-of-e-tools/tools/sunflower/tools/tools-lib//riscv/libprintf.a
LOAD /data/f-of-e-tools/tools/sunflower/tools/tools-lib//riscv/libc.a
LOAD /data/f-of-e-tools/tools/sunflower/tools/tools-lib//riscv/libgcc.a
LOAD /data/f-of-e-tools/tools/sunflower/tools/tools-lib//riscv/libgloss.a
                [!provide]                        PROVIDE (__executable_start, SEGMENT_START ("text-segment", 0x10000))
                0x0000000000010074                . = (SEGMENT_START ("text-segment", 0x10000) + SIZEOF_HEADERS)

.interp
 *(.interp)

.note.gnu.build-id
 *(.note.gnu.build-id)

.hash
 *(.hash)

.gnu.hash
 *(.gnu.hash)

.dynsym
 *(.dynsym)

.dynstr
 *(.dynstr)

.gnu.version
 *(.gnu.version)

.gnu.version_d
 *(.gnu.version_d)

.gnu.version_r
 *(.gnu.version_r)

.rela.dyn       0x0000000000010074        0x0
 *(.rela.init)
 *(.rela.text .rela.text.* .rela.gnu.linkonce.t.*)
 .rela.text     0x0000000000010074        0x0 init-sf.o
 *(.rela.fini)
 *(.rela.rodata .rela.rodata.* .rela.gnu.linkonce.r.*)
 *(.rela.data .rela.data.* .rela.gnu.linkonce.d.*)
 *(.rela.tdata .rela.tdata.* .rela.gnu.linkonce.td.*)
 *(.rela.tbss .rela.tbss.* .rela.gnu.linkonce.tb.*)
 *(.rela.ctors)
 *(.rela.dtors)
 *(.rela.got)
 *(.rela.sdata .rela.sdata.* .rela.gnu.linkonce.s.*)
 *(.rela.sbss .rela.sbss.* .rela.gnu.linkonce.sb.*)
 *(.rela.sdata2 .rela.sdata2.* .rela.gnu.linkonce.s2.*)
 *(.rela.sbss2 .rela.sbss2.* .rela.gnu.linkonce.sb2.*)
 *(.rela.bss .rela.bss.* .rela.gnu.linkonce.b.*)
                [!provide]                        PROVIDE (__rela_iplt_start, .)
 *(.rela.iplt)
                [!provide]                        PROVIDE (__rela_iplt_end, .)

.rela.plt
 *(.rela.plt)

.init
 *(SORT(.init))

.plt
 *(.plt)

.iplt
 *(.iplt)

.text           0x0000000008004000     0x78bc
 *(.text.unlikely .text.*_unlikely .text.unlikely.*)
 *(.text.exit .text.exit.*)
 *(.text.startup .text.startup.*)
 *(.text.hot .text.hot.*)
 *(.text .stub .text.* .gnu.linkonce.t.*)
 .text          0x0000000008004000       0x1c init-sf.o
                0x0000000008004000                _start
                0x0000000008004010                __errno
 .text          0x000000000800401c      0x18c bsort-sf.o
                0x000000000800401c                main
 .text          0x00000000080041a8     0x293c /data/f-of-e-tools/tools/sunflower/tools/tools-lib//riscv/libprintf.a(printf.o)
                0x0000000008006850                printf_
                0x00000000080068c8                sprintf_
                0x0000000008006940                snprintf_
                0x00000000080069b8                vprintf_
                0x0000000008006a08                vsnprintf_
                0x0000000008006a5c                fctprintf
 .text          0x0000000008006ae4       0x40 /data/f-of-e-tools/tools/sunflower/tools/tools-lib//riscv/libprintf.a(putchar.o)
                0x0000000008006ae4                _putchar
 .text          0x0000000008006b24       0x34 /data/f-of-e-tools/tools/sunflower/tools/tools-lib//riscv/libc.a(lib_a-exit.o)
                0x0000000008006b24                exit
 .text          0x0000000008006b58        0x0 /data/f-of-e-tools/tools/sunflower/tools/tools-lib//riscv/libc.a(lib_a-impure.o)
 .text          0x0000000008006b58      0x11c /data/f-of-e-tools/tools/sunflower/tools/tools-lib//riscv/libc.a(lib_a-memcpy.o)
                0x0000000008006b58                memcpy
 .text          0x0000000008006c74       0x18 /data/f-of-e-tools/tools/sunflower/tools/tools-lib//riscv/libc.a(lib_a-syswrite.o)
                0x0000000008006c74                write
 .text          0x0000000008006c8c       0x68 /data/f-of-e-tools/tools/sunflower/tools/tools-lib//riscv/libc.a(lib_a-writer.o)
                0x0000000008006c8c                _write_r
 .text          0x0000000008006cf4      0x11c /data/f-of-e-tools/tools/sunflower/tools/tools-lib//riscv/libc.a(lib_a-__call_atexit.o)
                0x0000000008006cf4                __call_exitprocs
 .text          0x0000000008006e10      0x150 /data/f-of-e-tools/tools/sunflower/tools/tools-lib//riscv/libc.a(lib_a-reent.o)
                0x0000000008006e10                cleanup_glue
                0x0000000008006e50                _reclaim_reent
 .text          0x0000000008006f60      0x428 /data/f-of-e-tools/tools/sunflower/tools/tools-lib//riscv/libc.a(lib_a-freer.o)
                0x0000000008006f60                _malloc_trim_r
                0x000000000800708c                _free_r
 .text          0x0000000008007388      0x78c /data/f-of-e-tools/tools/sunflower/tools/tools-lib//riscv/libc.a(lib_a-mallocr.o)
                0x0000000008007388                _malloc_r
 .text          0x0000000008007b14        0x8 /data/f-of-e-tools/tools/sunflower/tools/tools-lib//riscv/libc.a(lib_a-mlock.o)
                0x0000000008007b14                __malloc_lock
                0x0000000008007b18                __malloc_unlock
 .text          0x0000000008007b1c       0x5c /data/f-of-e-tools/tools/sunflower/tools/tools-lib//riscv/libc.a(lib_a-sbrkr.o)
                0x0000000008007b1c                _sbrk_r
 .text          0x0000000008007b78      0x638 /data/f-of-e-tools/tools/sunflower/tools/tools-lib//riscv/libgcc.a(_udivdi3.o)
                0x0000000008007b78                __udivdi3
 .text          0x00000000080081b0      0x5c8 /data/f-of-e-tools/tools/sunflower/tools/tools-lib//riscv/libgcc.a(_umoddi3.o)
                0x00000000080081b0                __umoddi3
 .text          0x0000000008008778      0x944 /data/f-of-e-tools/tools/sunflower/tools/tools-lib//riscv/libgcc.a(adddf3.o)
                0x0000000008008778                __adddf3
 .text          0x00000000080090bc      0x8b4 /data/f-of-e-tools/tools/sunflower/tools/tools-lib//riscv/libgcc.a(divdf3.o)
                0x00000000080090bc                __divdf3
 .text          0x0000000008009970       0x8c /data/f-of-e-tools/tools/sunflower/tools/tools-lib//riscv/libgcc.a(eqdf2.o)
                0x0000000008009970                __eqdf2
                0x0000000008009970                __nedf2
 .text          0x00000000080099fc       0xf0 /data/f-of-e-tools/tools/sunflower/tools/tools-lib//riscv/libgcc.a(gedf2.o)
                0x00000000080099fc                __gtdf2
                0x00000000080099fc                __gedf2
 .text          0x0000000008009aec       0xfc /data/f-of-e-tools/tools/sunflower/tools/tools-lib//riscv/libgcc.a(ledf2.o)
                0x0000000008009aec                __ltdf2
                0x0000000008009aec                __ledf2
 .text          0x0000000008009be8      0x72c /data/f-of-e-tools/tools/sunflower/tools/tools-lib//riscv/libgcc.a(muldf3.o)
                0x0000000008009be8                __muldf3
 .text          0x000000000800a314      0x904 /data/f-of-e-tools/tools/sunflower/tools/tools-lib//riscv/libgcc.a(subdf3.o)
                0x000000000800a314                __subdf3
 .text          0x000000000800ac18       0x84 /data/f-of-e-tools/tools/sunflower/tools/tools-lib//riscv/libgcc.a(fixdfsi.o)
                0x000000000800ac18                __fixdfsi
 .text          0x000000000800ac9c       0x78 /data/f-of-e-tools/tools/sunflower/tools/tools-lib//riscv/libgcc.a(fixunsdfsi.o)
                0x000000000800ac9c                __fixunsdfsi
 .text          0x000000000800ad14       0xfc /data/f-of-e-tools/tools/sunflower/tools/tools-lib//riscv/libgcc.a(floatsidf.o)
                0x000000000800ad14                __floatsidf
 .text          0x000000000800ae10       0xc0 /data/f-of-e-tools/tools/sunflower/tools/tools-lib//riscv/libgcc.a(floatunsidf.o)
                0x000000000800ae10                __floatunsidf
 .text          0x000000000800aed0       0x24 /data/f-of-e-tools/tools/sunflower/tools/tools-lib//riscv/libgcc.a(muldi3.o)
                0x000000000800aed0                __mulsi3
 .text          0x000000000800aef4       0xb4 /data/f-of-e-tools/tools/sunflower/tools/tools-lib//riscv/libgcc.a(div.o)
                0x000000000800aef4                __divsi3
                0x000000000800aefc                __udivsi3
                0x000000000800af44                __umodsi3
                0x000000000800af78                __modsi3
 .text          0x000000000800afa8        0x0 /data/f-of-e-tools/tools/sunflower/tools/tools-lib//riscv/libgcc.a(_clz.o)
 .text          0x000000000800afa8       0x94 /data/f-of-e-tools/tools/sunflower/tools/tools-lib//riscv/libgcc.a(_clzsi2.o)
                0x000000000800afa8                __clzsi2
 .text          0x000000000800b03c      0x880 /data/f-of-e-tools/tools/sunflower/tools/tools-lib//riscv/libgloss.a(syscalls.o)
                0x000000000800b0e0                __syscall_error
                0x000000000800b110                _open
                0x000000000800b158                _openat
                0x000000000800b19c                _lseek
                0x000000000800b1e4                _read
                0x000000000800b22c                _write
                0x000000000800b274                _fstat
                0x000000000800b2dc                _stat
                0x000000000800b344                _lstat
                0x000000000800b3ac                _fstatat
                0x000000000800b40c                _access
                0x000000000800b458                _faccessat
                0x000000000800b49c                _close
                0x000000000800b4ec                _link
                0x000000000800b538                _unlink
                0x000000000800b588                _execve
                0x000000000800b5ac                _fork
                0x000000000800b5d0                _getpid
                0x000000000800b5d8                _kill
                0x000000000800b5fc                _wait
                0x000000000800b620                _isatty
                0x000000000800b650                _gettimeofday
                0x000000000800b6a0                _times
                0x000000000800b744                _ftime
                0x000000000800b760                _utime
                0x000000000800b768                _chown
                0x000000000800b770                _chmod
                0x000000000800b778                _chdir
                0x000000000800b780                _getcwd
                0x000000000800b788                _sysconf
                0x000000000800b7a4                _sbrk
                0x000000000800b880                _exit
 *(.gnu.warning)

.fini
 *(SORT(.fini))
                [!provide]                        PROVIDE (__etext, .)
                [!provide]                        PROVIDE (_etext, .)
                [!provide]                        PROVIDE (etext, .)

.rodata         0x000000000800b8c0      0x4a8
 *(.rodata .rodata.* .gnu.linkonce.r.*)
 .rodata        0x000000000800b8c0       0x47 bsort-sf.o
 *fill*         0x000000000800b907        0x1 
 .rodata        0x000000000800b908      0x2e0 /data/f-of-e-tools/tools/sunflower/tools/tools-lib//riscv/libprintf.a(printf.o)
 .rodata        0x000000000800bbe8       0x40 /data/f-of-e-tools/tools/sunflower/tools/tools-lib//riscv/libgcc.a(divdf3.o)
 .rodata        0x000000000800bc28       0x40 /data/f-of-e-tools/tools/sunflower/tools/tools-lib//riscv/libgcc.a(muldf3.o)
 .rodata        0x000000000800bc68      0x100 /data/f-of-e-tools/tools/sunflower/tools/tools-lib//riscv/libgcc.a(_clz.o)
                0x000000000800bc68                __clz_tab

.rodata1
 *(.rodata1)

.sdata2
 *(.sdata2 .sdata2.* .gnu.linkonce.s2.*)

.sbss2
 *(.sbss2 .sbss2.* .gnu.linkonce.sb2.*)

.eh_frame_hdr
 *(.eh_frame_hdr)
 *(.eh_frame_entry .eh_frame_entry.*)

.eh_frame       0x000000000800bd68      0x124
 *(.eh_frame)
 .eh_frame      0x000000000800bd68       0x98 /data/f-of-e-tools/tools/sunflower/tools/tools-lib//riscv/libgcc.a(_udivdi3.o)
 .eh_frame      0x000000000800be00       0x8c /data/f-of-e-tools/tools/sunflower/tools/tools-lib//riscv/libgcc.a(_umoddi3.o)
                                         0xa0 (size before relaxing)
 *(.eh_frame.*)

.gcc_except_table
 *(.gcc_except_table .gcc_except_table.*)

.gnu_extab
 *(.gnu_extab*)

.exception_ranges
 *(.exception_ranges .exception_ranges*)
                0x000000000800c000                . = DATA_SEGMENT_ALIGN (CONSTANT (MAXPAGESIZE), CONSTANT (COMMONPAGESIZE))

.eh_frame
 *(.eh_frame)
 *(.eh_frame.*)

.gnu_extab
 *(.gnu_extab)

.gcc_except_table
 *(.gcc_except_table .gcc_except_table.*)

.exception_ranges
 *(.exception_ranges .exception_ranges*)

.tdata
 *(.tdata .tdata.* .gnu.linkonce.td.*)

.tbss
 *(.tbss .tbss.* .gnu.linkonce.tb.*)
 *(.tcommon)

.preinit_array  0x000000000800c000        0x0
                [!provide]                        PROVIDE (__preinit_array_start, .)
 *(.preinit_array)
                [!provide]                        PROVIDE (__preinit_array_end, .)

.init_array     0x000000000800c000        0x0
                [!provide]                        PROVIDE (__init_array_start, .)
 *(SORT(.init_array.*) SORT(.ctors.*))
 *(.init_array EXCLUDE_FILE(*crtend?.o *crtend.o *crtbegin?.o *crtbegin.o) .ctors)
                [!provide]                        PROVIDE (__init_array_end, .)

.fini_array     0x000000000800c000        0x0
                [!provide]                        PROVIDE (__fini_array_start, .)
 *(SORT(.fini_array.*) SORT(.dtors.*))
 *(.fini_array EXCLUDE_FILE(*crtend?.o *crtend.o *crtbegin?.o *crtbegin.o) .dtors)
                [!provide]                        PROVIDE (__fini_array_end, .)

.ctors
 *crtbegin.o(.ctors)
 *crtbegin?.o(.ctors)
 *(EXCLUDE_FILE(*crtend?.o *crtend.o) .ctors)
 *(SORT(.ctors.*))
 *(.ctors)

.dtors
 *crtbegin.o(.dtors)
 *crtbegin?.o(.dtors)
 *(EXCLUDE_FILE(*crtend?.o *crtend.o) .dtors)
 *(SORT(.dtors.*))
 *(.dtors)

.jcr
 *(.jcr)

.data.rel.ro
 *(.data.rel.ro.local* .gnu.linkonce.d.rel.ro.local.*)
 *(.data.rel.ro .data.rel.ro.* .gnu.linkonce.d.rel.ro.*)

.dynamic
 *(.dynamic)
                0x000000000800c000                . = DATA_SEGMENT_RELRO_END (., 0x0)

.data           0x000000000800c000      0x830
 *(.data .data.* .gnu.linkonce.d.*)
 .data          0x000000000800c000        0x0 init-sf.o
 .data          0x000000000800c000        0x0 bsort-sf.o
 .data          0x000000000800c000        0x0 /data/f-of-e-tools/tools/sunflower/tools/tools-lib//riscv/libprintf.a(printf.o)
 .data          0x000000000800c000        0x0 /data/f-of-e-tools/tools/sunflower/tools/tools-lib//riscv/libprintf.a(putchar.o)
 .data          0x000000000800c000        0x0 /data/f-of-e-tools/tools/sunflower/tools/tools-lib//riscv/libc.a(lib_a-exit.o)
 .data          0x000000000800c000      0x428 /data/f-of-e-tools/tools/sunflower/tools/tools-lib//riscv/libc.a(lib_a-impure.o)
 .data          0x000000000800c428        0x0 /data/f-of-e-tools/tools/sunflower/tools/tools-lib//riscv/libc.a(lib_a-memcpy.o)
 .data          0x000000000800c428        0x0 /data/f-of-e-tools/tools/sunflower/tools/tools-lib//riscv/libc.a(lib_a-syswrite.o)
 .data          0x000000000800c428        0x0 /data/f-of-e-tools/tools/sunflower/tools/tools-lib//riscv/libc.a(lib_a-writer.o)
 .data          0x000000000800c428        0x0 /data/f-of-e-tools/tools/sunflower/tools/tools-lib//riscv/libc.a(lib_a-__call_atexit.o)
 .data          0x000000000800c428        0x0 /data/f-of-e-tools/tools/sunflower/tools/tools-lib//riscv/libc.a(lib_a-reent.o)
 .data          0x000000000800c428        0x0 /data/f-of-e-tools/tools/sunflower/tools/tools-lib//riscv/libc.a(lib_a-freer.o)
 .data          0x000000000800c428      0x408 /data/f-of-e-tools/tools/sunflower/tools/tools-lib//riscv/libc.a(lib_a-mallocr.o)
                0x000000000800c428                __malloc_av_
 .data          0x000000000800c830        0x0 /data/f-of-e-tools/tools/sunflower/tools/tools-lib//riscv/libc.a(lib_a-mlock.o)
 .data          0x000000000800c830        0x0 /data/f-of-e-tools/tools/sunflower/tools/tools-lib//riscv/libc.a(lib_a-sbrkr.o)
 .data          0x000000000800c830        0x0 /data/f-of-e-tools/tools/sunflower/tools/tools-lib//riscv/libgcc.a(_udivdi3.o)
 .data          0x000000000800c830        0x0 /data/f-of-e-tools/tools/sunflower/tools/tools-lib//riscv/libgcc.a(_umoddi3.o)
 .data          0x000000000800c830        0x0 /data/f-of-e-tools/tools/sunflower/tools/tools-lib//riscv/libgcc.a(adddf3.o)
 .data          0x000000000800c830        0x0 /data/f-of-e-tools/tools/sunflower/tools/tools-lib//riscv/libgcc.a(divdf3.o)
 .data          0x000000000800c830        0x0 /data/f-of-e-tools/tools/sunflower/tools/tools-lib//riscv/libgcc.a(eqdf2.o)
 .data          0x000000000800c830        0x0 /data/f-of-e-tools/tools/sunflower/tools/tools-lib//riscv/libgcc.a(gedf2.o)
 .data          0x000000000800c830        0x0 /data/f-of-e-tools/tools/sunflower/tools/tools-lib//riscv/libgcc.a(ledf2.o)
 .data          0x000000000800c830        0x0 /data/f-of-e-tools/tools/sunflower/tools/tools-lib//riscv/libgcc.a(muldf3.o)
 .data          0x000000000800c830        0x0 /data/f-of-e-tools/tools/sunflower/tools/tools-lib//riscv/libgcc.a(subdf3.o)
 .data          0x000000000800c830        0x0 /data/f-of-e-tools/tools/sunflower/tools/tools-lib//riscv/libgcc.a(fixdfsi.o)
 .data          0x000000000800c830        0x0 /data/f-of-e-tools/tools/sunflower/tools/tools-lib//riscv/libgcc.a(fixunsdfsi.o)
 .data          0x000000000800c830        0x0 /data/f-of-e-tools/tools/sunflower/tools/tools-lib//riscv/libgcc.a(floatsidf.o)
 .data          0x000000000800c830        0x0 /data/f-of-e-tools/tools/sunflower/tools/tools-lib//riscv/libgcc.a(floatunsidf.o)
 .data          0x000000000800c830        0x0 /data/f-of-e-tools/tools/sunflower/tools/tools-lib//riscv/libgcc.a(muldi3.o)
 .data          0x000000000800c830        0x0 /data/f-of-e-tools/tools/sunflower/tools/tools-lib//riscv/libgcc.a(div.o)
 .data          0x000000000800c830        0x0 /data/f-of-e-tools/tools/sunflower/tools/tools-lib//riscv/libgcc.a(_clz.o)
 .data          0x000000000800c830        0x0 /data/f-of-e-tools/tools/sunflower/tools/tools-lib//riscv/libgcc.a(_clzsi2.o)
 .data          0x000000000800c830        0x0 /data/f-of-e-tools/tools/sunflower/tools/tools-lib//riscv/libgloss.a(syscalls.o)

.data1
 *(.data1)

.got
 *(.got.plt)
 *(.igot.plt)
 *(.got)
 *(.igot)

.sdata          0x000000000800c830       0x10
                0x000000000800d030                __global_pointer$ = (. + 0x800)
 *(.srodata.cst16)
 *(.srodata.cst8)
 *(.srodata.cst4)
 *(.srodata.cst2)
 *(.srodata .srodata.*)
 .srodata       0x000000000800c830        0x4 /data/f-of-e-tools/tools/sunflower/tools/tools-lib//riscv/libc.a(lib_a-impure.o)
                0x000000000800c830                _global_impure_ptr
 *(.sdata .sdata.* .gnu.linkonce.s.*)
 .sdata         0x000000000800c834        0x4 /data/f-of-e-tools/tools/sunflower/tools/tools-lib//riscv/libc.a(lib_a-impure.o)
                0x000000000800c834                _impure_ptr
 .sdata         0x000000000800c838        0x8 /data/f-of-e-tools/tools/sunflower/tools/tools-lib//riscv/libc.a(lib_a-mallocr.o)
                0x000000000800c838                __malloc_sbrk_base
                0x000000000800c83c                __malloc_trim_threshold
                0x000000000800c840                _edata = .
                [!provide]                        PROVIDE (edata, .)
                0x000000000800c840                . = .
                0x000000000800c840                __bss_start = .

.sbss           0x000000000800c840       0x10
 *(.dynsbss)
 *(.sbss .sbss.* .gnu.linkonce.sb.*)
 .sbss          0x000000000800c840        0xc /data/f-of-e-tools/tools/sunflower/tools/tools-lib//riscv/libc.a(lib_a-mallocr.o)
                0x000000000800c840                __malloc_max_total_mem
                0x000000000800c844                __malloc_max_sbrked_mem
                0x000000000800c848                __malloc_top_pad
 .sbss          0x000000000800c84c        0x4 /data/f-of-e-tools/tools/sunflower/tools/tools-lib//riscv/libgloss.a(syscalls.o)
 *(.scommon)

.bss            0x000000000800c850       0x3c
 *(.dynbss)
 *(.bss .bss.* .gnu.linkonce.b.*)
 .bss           0x000000000800c850        0x0 init-sf.o
 .bss           0x000000000800c850        0x0 bsort-sf.o
 .bss           0x000000000800c850        0x0 /data/f-of-e-tools/tools/sunflower/tools/tools-lib//riscv/libprintf.a(printf.o)
 .bss           0x000000000800c850        0x0 /data/f-of-e-tools/tools/sunflower/tools/tools-lib//riscv/libprintf.a(putchar.o)
 .bss           0x000000000800c850        0x0 /data/f-of-e-tools/tools/sunflower/tools/tools-lib//riscv/libc.a(lib_a-exit.o)
 .bss           0x000000000800c850        0x0 /data/f-of-e-tools/tools/sunflower/tools/tools-lib//riscv/libc.a(lib_a-impure.o)
 .bss           0x000000000800c850        0x0 /data/f-of-e-tools/tools/sunflower/tools/tools-lib//riscv/libc.a(lib_a-memcpy.o)
 .bss           0x000000000800c850        0x0 /data/f-of-e-tools/tools/sunflower/tools/tools-lib//riscv/libc.a(lib_a-syswrite.o)
 .bss           0x000000000800c850        0x0 /data/f-of-e-tools/tools/sunflower/tools/tools-lib//riscv/libc.a(lib_a-writer.o)
 .bss           0x000000000800c850        0x0 /data/f-of-e-tools/tools/sunflower/tools/tools-lib//riscv/libc.a(lib_a-__call_atexit.o)
 .bss           0x000000000800c850        0x0 /data/f-of-e-tools/tools/sunflower/tools/tools-lib//riscv/libc.a(lib_a-reent.o)
 .bss           0x000000000800c850        0x0 /data/f-of-e-tools/tools/sunflower/tools/tools-lib//riscv/libc.a(lib_a-freer.o)
 .bss           0x000000000800c850       0x28 /data/f-of-e-tools/tools/sunflower/tools/tools-lib//riscv/libc.a(lib_a-mallocr.o)
                0x000000000800c850                __malloc_current_mallinfo
 .bss           0x000000000800c878        0x0 /data/f-of-e-tools/tools/sunflower/tools/tools-lib//riscv/libc.a(lib_a-mlock.o)
 .bss           0x000000000800c878        0x0 /data/f-of-e-tools/tools/sunflower/tools/tools-lib//riscv/libc.a(lib_a-sbrkr.o)
 .bss           0x000000000800c878        0x0 /data/f-of-e-tools/tools/sunflower/tools/tools-lib//riscv/libgcc.a(_udivdi3.o)
 .bss           0x000000000800c878        0x0 /data/f-of-e-tools/tools/sunflower/tools/tools-lib//riscv/libgcc.a(_umoddi3.o)
 .bss           0x000000000800c878        0x0 /data/f-of-e-tools/tools/sunflower/tools/tools-lib//riscv/libgcc.a(adddf3.o)
 .bss           0x000000000800c878        0x0 /data/f-of-e-tools/tools/sunflower/tools/tools-lib//riscv/libgcc.a(divdf3.o)
 .bss           0x000000000800c878        0x0 /data/f-of-e-tools/tools/sunflower/tools/tools-lib//riscv/libgcc.a(eqdf2.o)
 .bss           0x000000000800c878        0x0 /data/f-of-e-tools/tools/sunflower/tools/tools-lib//riscv/libgcc.a(gedf2.o)
 .bss           0x000000000800c878        0x0 /data/f-of-e-tools/tools/sunflower/tools/tools-lib//riscv/libgcc.a(ledf2.o)
 .bss           0x000000000800c878        0x0 /data/f-of-e-tools/tools/sunflower/tools/tools-lib//riscv/libgcc.a(muldf3.o)
 .bss           0x000000000800c878        0x0 /data/f-of-e-tools/tools/sunflower/tools/tools-lib//riscv/libgcc.a(subdf3.o)
 .bss           0x000000000800c878        0x0 /data/f-of-e-tools/tools/sunflower/tools/tools-lib//riscv/libgcc.a(fixdfsi.o)
 .bss           0x000000000800c878        0x0 /data/f-of-e-tools/tools/sunflower/tools/tools-lib//riscv/libgcc.a(fixunsdfsi.o)
 .bss           0x000000000800c878        0x0 /data/f-of-e-tools/tools/sunflower/tools/tools-lib//riscv/libgcc.a(floatsidf.o)
 .bss           0x000000000800c878        0x0 /data/f-of-e-tools/tools/sunflower/tools/tools-lib//riscv/libgcc.a(floatunsidf.o)
 .bss           0x000000000800c878        0x0 /data/f-of-e-tools/tools/sunflower/tools/tools-lib//riscv/libgcc.a(muldi3.o)
 .bss           0x000000000800c878        0x0 /data/f-of-e-tools/tools/sunflower/tools/tools-lib//riscv/libgcc.a(div.o)
 .bss           0x000000000800c878        0x0 /data/f-of-e-tools/tools/sunflower/tools/tools-lib//riscv/libgcc.a(_clz.o)
 .bss           0x000000000800c878        0x0 /data/f-of-e-tools/tools/sunflower/tools/tools-lib//riscv/libgcc.a(_clzsi2.o)
 .bss           0x000000000800c878       0x10 /data/f-of-e-tools/tools/sunflower/tools/tools-lib//riscv/libgloss.a(syscalls.o)
 *(COMMON)
 COMMON         0x000000000800c888        0x4 /data/f-of-e-tools/tools/sunflower/tools/tools-lib//riscv/libc.a(lib_a-reent.o)
                0x000000000800c888                errno
                0x000000000800c88c                . = ALIGN ((. != 0x0)?0x4:0x1)
                0x000000000800c88c                . = ALIGN (0x4)
                0x000000000800c88c                . = SEGMENT_START ("ldata-segment", .)
                0x000000000800c88c                . = ALIGN (0x4)
                0x000000000800c88c                _end = .
                [!provide]                        PROVIDE (end, .)
                0x000000000800c88c                . = DATA_SEGMENT_END (.)

.stab
 *(.stab)

.stabstr
 *(.stabstr)

.stab.excl
 *(.stab.excl)

.stab.exclstr
 *(.stab.exclstr)

.stab.index
 *(.stab.index)

.stab.indexstr
 *(.stab.indexstr)

.comment        0x0000000000000000       0x11
 *(.comment)
 .comment       0x0000000000000000       0x11 bsort-sf.o
                                         0x12 (size before relaxing)
 .comment       0x0000000000000011       0x12 /data/f-of-e-tools/tools/sunflower/tools/tools-lib//riscv/libprintf.a(printf.o)
 .comment       0x0000000000000011       0x12 /data/f-of-e-tools/tools/sunflower/tools/tools-lib//riscv/libprintf.a(putchar.o)
 .comment       0x0000000000000011       0x12 /data/f-of-e-tools/tools/sunflower/tools/tools-lib//riscv/libc.a(lib_a-exit.o)
 .comment       0x0000000000000011       0x12 /data/f-of-e-tools/tools/sunflower/tools/tools-lib//riscv/libc.a(lib_a-impure.o)
 .comment       0x0000000000000011       0x12 /data/f-of-e-tools/tools/sunflower/tools/tools-lib//riscv/libc.a(lib_a-memcpy.o)
 .comment       0x0000000000000011       0x12 /data/f-of-e-tools/tools/sunflower/tools/tools-lib//riscv/libc.a(lib_a-syswrite.o)
 .comment       0x0000000000000011       0x12 /data/f-of-e-tools/tools/sunflower/tools/tools-lib//riscv/libc.a(lib_a-writer.o)
 .comment       0x0000000000000011       0x12 /data/f-of-e-tools/tools/sunflower/tools/tools-lib//riscv/libc.a(lib_a-__call_atexit.o)
 .comment       0x0000000000000011       0x12 /data/f-of-e-tools/tools/sunflower/tools/tools-lib//riscv/libc.a(lib_a-reent.o)
 .comment       0x0000000000000011       0x12 /data/f-of-e-tools/tools/sunflower/tools/tools-lib//riscv/libc.a(lib_a-freer.o)
 .comment       0x0000000000000011       0x12 /data/f-of-e-tools/tools/sunflower/tools/tools-lib//riscv/libc.a(lib_a-mallocr.o)
 .comment       0x0000000000000011       0x12 /data/f-of-e-tools/tools/sunflower/tools/tools-lib//riscv/libc.a(lib_a-mlock.o)
 .comment       0x0000000000000011       0x12 /data/f-of-e-tools/tools/sunflower/tools/tools-lib//riscv/libc.a(lib_a-sbrkr.o)
 .comment       0x0000000000000011       0x12 /data/f-of-e-tools/tools/sunflower/tools/tools-lib//riscv/libgcc.a(_udivdi3.o)
 .comment       0x0000000000000011       0x12 /data/f-of-e-tools/tools/sunflower/tools/tools-lib//riscv/libgcc.a(_umoddi3.o)
 .comment       0x0000000000000011       0x12 /data/f-of-e-tools/tools/sunflower/tools/tools-lib//riscv/libgcc.a(adddf3.o)
 .comment       0x0000000000000011       0x12 /data/f-of-e-tools/tools/sunflower/tools/tools-lib//riscv/libgcc.a(divdf3.o)
 .comment       0x0000000000000011       0x12 /data/f-of-e-tools/tools/sunflower/tools/tools-lib//riscv/libgcc.a(eqdf2.o)
 .comment       0x0000000000000011       0x12 /data/f-of-e-tools/tools/sunflower/tools/tools-lib//riscv/libgcc.a(gedf2.o)
 .comment       0x0000000000000011       0x12 /data/f-of-e-tools/tools/sunflower/tools/tools-lib//riscv/libgcc.a(ledf2.o)
 .comment       0x0000000000000011       0x12 /data/f-of-e-tools/tools/sunflower/tools/tools-lib//riscv/libgcc.a(muldf3.o)
 .comment       0x0000000000000011       0x12 /data/f-of-e-tools/tools/sunflower/tools/tools-lib//riscv/libgcc.a(subdf3.o)
 .comment       0x0000000000000011       0x12 /data/f-of-e-tools/tools/sunflower/tools/tools-lib//riscv/libgcc.a(fixdfsi.o)
 .comment       0x0000000000000011       0x12 /data/f-of-e-tools/tools/sunflower/tools/tools-lib//riscv/libgcc.a(fixunsdfsi.o)
 .comment       0x0000000000000011       0x12 /data/f-of-e-tools/tools/sunflower/tools/tools-lib//riscv/libgcc.a(floatsidf.o)
 .comment       0x0000000000000011       0x12 /data/f-of-e-tools/tools/sunflower/tools/tools-lib//riscv/libgcc.a(floatunsidf.o)
 .comment       0x0000000000000011       0x12 /data/f-of-e-tools/tools/sunflower/tools/tools-lib//riscv/libgcc.a(_clz.o)
 .comment       0x0000000000000011       0x12 /data/f-of-e-tools/tools/sunflower/tools/tools-lib//riscv/libgcc.a(_clzsi2.o)
 .comment       0x0000000000000011       0x12 /data/f-of-e-tools/tools/sunflower/tools/tools-lib//riscv/libgloss.a(syscalls.o)

.debug
 *(.debug)

.line
 *(.line)

.debug_srcinfo
 *(.debug_srcinfo)

.debug_sfnames
 *(.debug_sfnames)

.debug_aranges  0x0000000000000000      0x3d0
 *(.debug_aranges)
 .debug_aranges
                0x0000000000000000       0x20 /data/f-of-e-tools/tools/sunflower/tools/tools-lib//riscv/libprintf.a(printf.o)
 .debug_aranges
                0x0000000000000020       0x20 /data/f-of-e-tools/tools/sunflower/tools/tools-lib//riscv/libprintf.a(putchar.o)
 .debug_aranges
                0x0000000000000040       0x20 /data/f-of-e-tools/tools/sunflower/tools/tools-lib//riscv/libc.a(lib_a-exit.o)
 .debug_aranges
                0x0000000000000060       0x18 /data/f-of-e-tools/tools/sunflower/tools/tools-lib//riscv/libc.a(lib_a-impure.o)
 .debug_aranges
                0x0000000000000078       0x20 /data/f-of-e-tools/tools/sunflower/tools/tools-lib//riscv/libc.a(lib_a-memcpy.o)
 .debug_aranges
                0x0000000000000098       0x20 /data/f-of-e-tools/tools/sunflower/tools/tools-lib//riscv/libc.a(lib_a-syswrite.o)
 .debug_aranges
                0x00000000000000b8       0x20 /data/f-of-e-tools/tools/sunflower/tools/tools-lib//riscv/libc.a(lib_a-writer.o)
 .debug_aranges
                0x00000000000000d8       0x20 /data/f-of-e-tools/tools/sunflower/tools/tools-lib//riscv/libc.a(lib_a-__call_atexit.o)
 .debug_aranges
                0x00000000000000f8       0x20 /data/f-of-e-tools/tools/sunflower/tools/tools-lib//riscv/libc.a(lib_a-reent.o)
 .debug_aranges
                0x0000000000000118       0x20 /data/f-of-e-tools/tools/sunflower/tools/tools-lib//riscv/libc.a(lib_a-freer.o)
 .debug_aranges
                0x0000000000000138       0x20 /data/f-of-e-tools/tools/sunflower/tools/tools-lib//riscv/libc.a(lib_a-mallocr.o)
 .debug_aranges
                0x0000000000000158       0x20 /data/f-of-e-tools/tools/sunflower/tools/tools-lib//riscv/libc.a(lib_a-mlock.o)
 .debug_aranges
                0x0000000000000178       0x20 /data/f-of-e-tools/tools/sunflower/tools/tools-lib//riscv/libc.a(lib_a-sbrkr.o)
 .debug_aranges
                0x0000000000000198       0x20 /data/f-of-e-tools/tools/sunflower/tools/tools-lib//riscv/libgcc.a(_udivdi3.o)
 .debug_aranges
                0x00000000000001b8       0x20 /data/f-of-e-tools/tools/sunflower/tools/tools-lib//riscv/libgcc.a(_umoddi3.o)
 .debug_aranges
                0x00000000000001d8       0x20 /data/f-of-e-tools/tools/sunflower/tools/tools-lib//riscv/libgcc.a(adddf3.o)
 .debug_aranges
                0x00000000000001f8       0x20 /data/f-of-e-tools/tools/sunflower/tools/tools-lib//riscv/libgcc.a(divdf3.o)
 .debug_aranges
                0x0000000000000218       0x20 /data/f-of-e-tools/tools/sunflower/tools/tools-lib//riscv/libgcc.a(eqdf2.o)
 .debug_aranges
                0x0000000000000238       0x20 /data/f-of-e-tools/tools/sunflower/tools/tools-lib//riscv/libgcc.a(gedf2.o)
 .debug_aranges
                0x0000000000000258       0x20 /data/f-of-e-tools/tools/sunflower/tools/tools-lib//riscv/libgcc.a(ledf2.o)
 .debug_aranges
                0x0000000000000278       0x20 /data/f-of-e-tools/tools/sunflower/tools/tools-lib//riscv/libgcc.a(muldf3.o)
 .debug_aranges
                0x0000000000000298       0x20 /data/f-of-e-tools/tools/sunflower/tools/tools-lib//riscv/libgcc.a(subdf3.o)
 .debug_aranges
                0x00000000000002b8       0x20 /data/f-of-e-tools/tools/sunflower/tools/tools-lib//riscv/libgcc.a(fixdfsi.o)
 .debug_aranges
                0x00000000000002d8       0x20 /data/f-of-e-tools/tools/sunflower/tools/tools-lib//riscv/libgcc.a(fixunsdfsi.o)
 .debug_aranges
                0x00000000000002f8       0x20 /data/f-of-e-tools/tools/sunflower/tools/tools-lib//riscv/libgcc.a(floatsidf.o)
 .debug_aranges
                0x0000000000000318       0x20 /data/f-of-e-tools/tools/sunflower/tools/tools-lib//riscv/libgcc.a(floatunsidf.o)
 .debug_aranges
                0x0000000000000338       0x20 /data/f-of-e-tools/tools/sunflower/tools/tools-lib//riscv/libgcc.a(muldi3.o)
 .debug_aranges
                0x0000000000000358       0x20 /data/f-of-e-tools/tools/sunflower/tools/tools-lib//riscv/libgcc.a(div.o)
 .debug_aranges
                0x0000000000000378       0x18 /data/f-of-e-tools/tools/sunflower/tools/tools-lib//riscv/libgcc.a(_clz.o)
 .debug_aranges
                0x0000000000000390       0x20 /data/f-of-e-tools/tools/sunflower/tools/tools-lib//riscv/libgcc.a(_clzsi2.o)
 .debug_aranges
                0x00000000000003b0       0x20 /data/f-of-e-tools/tools/sunflower/tools/tools-lib//riscv/libgloss.a(syscalls.o)

.debug_pubnames
 *(.debug_pubnames)

.debug_info     0x0000000000000000    0x1139f
 *(.debug_info .gnu.linkonce.wi.*)
 .debug_info    0x0000000000000000      0xe0c /data/f-of-e-tools/tools/sunflower/tools/tools-lib//riscv/libprintf.a(printf.o)
 .debug_info    0x0000000000000e0c       0xf0 /data/f-of-e-tools/tools/sunflower/tools/tools-lib//riscv/libprintf.a(putchar.o)
 .debug_info    0x0000000000000efc      0x9d8 /data/f-of-e-tools/tools/sunflower/tools/tools-lib//riscv/libc.a(lib_a-exit.o)
 .debug_info    0x00000000000018d4      0x936 /data/f-of-e-tools/tools/sunflower/tools/tools-lib//riscv/libc.a(lib_a-impure.o)
 .debug_info    0x000000000000220a      0xae6 /data/f-of-e-tools/tools/sunflower/tools/tools-lib//riscv/libc.a(lib_a-memcpy.o)
 .debug_info    0x0000000000002cf0      0x9ec /data/f-of-e-tools/tools/sunflower/tools/tools-lib//riscv/libc.a(lib_a-syswrite.o)
 .debug_info    0x00000000000036dc      0xa2e /data/f-of-e-tools/tools/sunflower/tools/tools-lib//riscv/libc.a(lib_a-writer.o)
 .debug_info    0x000000000000410a      0x9f3 /data/f-of-e-tools/tools/sunflower/tools/tools-lib//riscv/libc.a(lib_a-__call_atexit.o)
 .debug_info    0x0000000000004afd      0xab5 /data/f-of-e-tools/tools/sunflower/tools/tools-lib//riscv/libc.a(lib_a-reent.o)
 .debug_info    0x00000000000055b2      0xd73 /data/f-of-e-tools/tools/sunflower/tools/tools-lib//riscv/libc.a(lib_a-freer.o)
 .debug_info    0x0000000000006325      0xeb1 /data/f-of-e-tools/tools/sunflower/tools/tools-lib//riscv/libc.a(lib_a-mallocr.o)
 .debug_info    0x00000000000071d6      0x96d /data/f-of-e-tools/tools/sunflower/tools/tools-lib//riscv/libc.a(lib_a-mlock.o)
 .debug_info    0x0000000000007b43      0x9f8 /data/f-of-e-tools/tools/sunflower/tools/tools-lib//riscv/libc.a(lib_a-sbrkr.o)
 .debug_info    0x000000000000853b     0x12fc /data/f-of-e-tools/tools/sunflower/tools/tools-lib//riscv/libgcc.a(_udivdi3.o)
 .debug_info    0x0000000000009837     0x1362 /data/f-of-e-tools/tools/sunflower/tools/tools-lib//riscv/libgcc.a(_umoddi3.o)
 .debug_info    0x000000000000ab99      0x5b9 /data/f-of-e-tools/tools/sunflower/tools/tools-lib//riscv/libgcc.a(adddf3.o)
 .debug_info    0x000000000000b152      0x884 /data/f-of-e-tools/tools/sunflower/tools/tools-lib//riscv/libgcc.a(divdf3.o)
 .debug_info    0x000000000000b9d6      0x28d /data/f-of-e-tools/tools/sunflower/tools/tools-lib//riscv/libgcc.a(eqdf2.o)
 .debug_info    0x000000000000bc63      0x288 /data/f-of-e-tools/tools/sunflower/tools/tools-lib//riscv/libgcc.a(gedf2.o)
 .debug_info    0x000000000000beeb      0x286 /data/f-of-e-tools/tools/sunflower/tools/tools-lib//riscv/libgcc.a(ledf2.o)
 .debug_info    0x000000000000c171      0xa04 /data/f-of-e-tools/tools/sunflower/tools/tools-lib//riscv/libgcc.a(muldf3.o)
 .debug_info    0x000000000000cb75      0x5b7 /data/f-of-e-tools/tools/sunflower/tools/tools-lib//riscv/libgcc.a(subdf3.o)
 .debug_info    0x000000000000d12c      0x217 /data/f-of-e-tools/tools/sunflower/tools/tools-lib//riscv/libgcc.a(fixdfsi.o)
 .debug_info    0x000000000000d343      0x208 /data/f-of-e-tools/tools/sunflower/tools/tools-lib//riscv/libgcc.a(fixunsdfsi.o)
 .debug_info    0x000000000000d54b      0x2bc /data/f-of-e-tools/tools/sunflower/tools/tools-lib//riscv/libgcc.a(floatsidf.o)
 .debug_info    0x000000000000d807      0x2af /data/f-of-e-tools/tools/sunflower/tools/tools-lib//riscv/libgcc.a(floatunsidf.o)
 .debug_info    0x000000000000dab6       0x26 /data/f-of-e-tools/tools/sunflower/tools/tools-lib//riscv/libgcc.a(muldi3.o)
 .debug_info    0x000000000000dadc       0x26 /data/f-of-e-tools/tools/sunflower/tools/tools-lib//riscv/libgcc.a(div.o)
 .debug_info    0x000000000000db02      0xb39 /data/f-of-e-tools/tools/sunflower/tools/tools-lib//riscv/libgcc.a(_clz.o)
 .debug_info    0x000000000000e63b      0xba6 /data/f-of-e-tools/tools/sunflower/tools/tools-lib//riscv/libgcc.a(_clzsi2.o)
 .debug_info    0x000000000000f1e1     0x21be /data/f-of-e-tools/tools/sunflower/tools/tools-lib//riscv/libgloss.a(syscalls.o)

.debug_abbrev   0x0000000000000000     0x3bef
 *(.debug_abbrev)
 .debug_abbrev  0x0000000000000000      0x218 /data/f-of-e-tools/tools/sunflower/tools/tools-lib//riscv/libprintf.a(printf.o)
 .debug_abbrev  0x0000000000000218       0x71 /data/f-of-e-tools/tools/sunflower/tools/tools-lib//riscv/libprintf.a(putchar.o)
 .debug_abbrev  0x0000000000000289      0x21c /data/f-of-e-tools/tools/sunflower/tools/tools-lib//riscv/libc.a(lib_a-exit.o)
 .debug_abbrev  0x00000000000004a5      0x1b8 /data/f-of-e-tools/tools/sunflower/tools/tools-lib//riscv/libc.a(lib_a-impure.o)
 .debug_abbrev  0x000000000000065d      0x25e /data/f-of-e-tools/tools/sunflower/tools/tools-lib//riscv/libc.a(lib_a-memcpy.o)
 .debug_abbrev  0x00000000000008bb      0x216 /data/f-of-e-tools/tools/sunflower/tools/tools-lib//riscv/libc.a(lib_a-syswrite.o)
 .debug_abbrev  0x0000000000000ad1      0x245 /data/f-of-e-tools/tools/sunflower/tools/tools-lib//riscv/libc.a(lib_a-writer.o)
 .debug_abbrev  0x0000000000000d16      0x24f /data/f-of-e-tools/tools/sunflower/tools/tools-lib//riscv/libc.a(lib_a-__call_atexit.o)
 .debug_abbrev  0x0000000000000f65      0x2ae /data/f-of-e-tools/tools/sunflower/tools/tools-lib//riscv/libc.a(lib_a-reent.o)
 .debug_abbrev  0x0000000000001213      0x2bd /data/f-of-e-tools/tools/sunflower/tools/tools-lib//riscv/libc.a(lib_a-freer.o)
 .debug_abbrev  0x00000000000014d0      0x30f /data/f-of-e-tools/tools/sunflower/tools/tools-lib//riscv/libc.a(lib_a-mallocr.o)
 .debug_abbrev  0x00000000000017df      0x1ff /data/f-of-e-tools/tools/sunflower/tools/tools-lib//riscv/libc.a(lib_a-mlock.o)
 .debug_abbrev  0x00000000000019de      0x247 /data/f-of-e-tools/tools/sunflower/tools/tools-lib//riscv/libc.a(lib_a-sbrkr.o)
 .debug_abbrev  0x0000000000001c25      0x2e0 /data/f-of-e-tools/tools/sunflower/tools/tools-lib//riscv/libgcc.a(_udivdi3.o)
 .debug_abbrev  0x0000000000001f05      0x2f1 /data/f-of-e-tools/tools/sunflower/tools/tools-lib//riscv/libgcc.a(_umoddi3.o)
 .debug_abbrev  0x00000000000021f6      0x196 /data/f-of-e-tools/tools/sunflower/tools/tools-lib//riscv/libgcc.a(adddf3.o)
 .debug_abbrev  0x000000000000238c      0x1a1 /data/f-of-e-tools/tools/sunflower/tools/tools-lib//riscv/libgcc.a(divdf3.o)
 .debug_abbrev  0x000000000000252d      0x197 /data/f-of-e-tools/tools/sunflower/tools/tools-lib//riscv/libgcc.a(eqdf2.o)
 .debug_abbrev  0x00000000000026c4      0x199 /data/f-of-e-tools/tools/sunflower/tools/tools-lib//riscv/libgcc.a(gedf2.o)
 .debug_abbrev  0x000000000000285d      0x188 /data/f-of-e-tools/tools/sunflower/tools/tools-lib//riscv/libgcc.a(ledf2.o)
 .debug_abbrev  0x00000000000029e5      0x1a8 /data/f-of-e-tools/tools/sunflower/tools/tools-lib//riscv/libgcc.a(muldf3.o)
 .debug_abbrev  0x0000000000002b8d      0x1a7 /data/f-of-e-tools/tools/sunflower/tools/tools-lib//riscv/libgcc.a(subdf3.o)
 .debug_abbrev  0x0000000000002d34      0x18a /data/f-of-e-tools/tools/sunflower/tools/tools-lib//riscv/libgcc.a(fixdfsi.o)
 .debug_abbrev  0x0000000000002ebe      0x18a /data/f-of-e-tools/tools/sunflower/tools/tools-lib//riscv/libgcc.a(fixunsdfsi.o)
 .debug_abbrev  0x0000000000003048      0x178 /data/f-of-e-tools/tools/sunflower/tools/tools-lib//riscv/libgcc.a(floatsidf.o)
 .debug_abbrev  0x00000000000031c0      0x178 /data/f-of-e-tools/tools/sunflower/tools/tools-lib//riscv/libgcc.a(floatunsidf.o)
 .debug_abbrev  0x0000000000003338       0x14 /data/f-of-e-tools/tools/sunflower/tools/tools-lib//riscv/libgcc.a(muldi3.o)
 .debug_abbrev  0x000000000000334c       0x14 /data/f-of-e-tools/tools/sunflower/tools/tools-lib//riscv/libgcc.a(div.o)
 .debug_abbrev  0x0000000000003360      0x1e8 /data/f-of-e-tools/tools/sunflower/tools/tools-lib//riscv/libgcc.a(_clz.o)
 .debug_abbrev  0x0000000000003548      0x242 /data/f-of-e-tools/tools/sunflower/tools/tools-lib//riscv/libgcc.a(_clzsi2.o)
 .debug_abbrev  0x000000000000378a      0x465 /data/f-of-e-tools/tools/sunflower/tools/tools-lib//riscv/libgloss.a(syscalls.o)

.debug_line     0x0000000000000000     0xd160
 *(.debug_line .debug_line.* .debug_line_end)
 .debug_line    0x0000000000000000     0x19e9 /data/f-of-e-tools/tools/sunflower/tools/tools-lib//riscv/libprintf.a(printf.o)
 .debug_line    0x00000000000019e9       0xef /data/f-of-e-tools/tools/sunflower/tools/tools-lib//riscv/libprintf.a(putchar.o)
 .debug_line    0x0000000000001ad8      0x22d /data/f-of-e-tools/tools/sunflower/tools/tools-lib//riscv/libc.a(lib_a-exit.o)
 .debug_line    0x0000000000001d05      0x13a /data/f-of-e-tools/tools/sunflower/tools/tools-lib//riscv/libc.a(lib_a-impure.o)
 .debug_line    0x0000000000001e3f      0x50d /data/f-of-e-tools/tools/sunflower/tools/tools-lib//riscv/libc.a(lib_a-memcpy.o)
 .debug_line    0x000000000000234c      0x1d3 /data/f-of-e-tools/tools/sunflower/tools/tools-lib//riscv/libc.a(lib_a-syswrite.o)
 .debug_line    0x000000000000251f      0x25a /data/f-of-e-tools/tools/sunflower/tools/tools-lib//riscv/libc.a(lib_a-writer.o)
 .debug_line    0x0000000000002779      0x3ab /data/f-of-e-tools/tools/sunflower/tools/tools-lib//riscv/libc.a(lib_a-__call_atexit.o)
 .debug_line    0x0000000000002b24      0x3c8 /data/f-of-e-tools/tools/sunflower/tools/tools-lib//riscv/libc.a(lib_a-reent.o)
 .debug_line    0x0000000000002eec      0xa32 /data/f-of-e-tools/tools/sunflower/tools/tools-lib//riscv/libc.a(lib_a-freer.o)
 .debug_line    0x000000000000391e     0x1055 /data/f-of-e-tools/tools/sunflower/tools/tools-lib//riscv/libc.a(lib_a-mallocr.o)
 .debug_line    0x0000000000004973      0x15d /data/f-of-e-tools/tools/sunflower/tools/tools-lib//riscv/libc.a(lib_a-mlock.o)
 .debug_line    0x0000000000004ad0      0x267 /data/f-of-e-tools/tools/sunflower/tools/tools-lib//riscv/libc.a(lib_a-sbrkr.o)
 .debug_line    0x0000000000004d37      0x938 /data/f-of-e-tools/tools/sunflower/tools/tools-lib//riscv/libgcc.a(_udivdi3.o)
 .debug_line    0x000000000000566f      0x9b9 /data/f-of-e-tools/tools/sunflower/tools/tools-lib//riscv/libgcc.a(_umoddi3.o)
 .debug_line    0x0000000000006028     0x10b8 /data/f-of-e-tools/tools/sunflower/tools/tools-lib//riscv/libgcc.a(adddf3.o)
 .debug_line    0x00000000000070e0     0x1056 /data/f-of-e-tools/tools/sunflower/tools/tools-lib//riscv/libgcc.a(divdf3.o)
 .debug_line    0x0000000000008136      0x22e /data/f-of-e-tools/tools/sunflower/tools/tools-lib//riscv/libgcc.a(eqdf2.o)
 .debug_line    0x0000000000008364      0x317 /data/f-of-e-tools/tools/sunflower/tools/tools-lib//riscv/libgcc.a(gedf2.o)
 .debug_line    0x000000000000867b      0x319 /data/f-of-e-tools/tools/sunflower/tools/tools-lib//riscv/libgcc.a(ledf2.o)
 .debug_line    0x0000000000008994      0xfe6 /data/f-of-e-tools/tools/sunflower/tools/tools-lib//riscv/libgcc.a(muldf3.o)
 .debug_line    0x000000000000997a     0x10bf /data/f-of-e-tools/tools/sunflower/tools/tools-lib//riscv/libgcc.a(subdf3.o)
 .debug_line    0x000000000000aa39      0x1ec /data/f-of-e-tools/tools/sunflower/tools/tools-lib//riscv/libgcc.a(fixdfsi.o)
 .debug_line    0x000000000000ac25      0x1b5 /data/f-of-e-tools/tools/sunflower/tools/tools-lib//riscv/libgcc.a(fixunsdfsi.o)
 .debug_line    0x000000000000adda      0x2b2 /data/f-of-e-tools/tools/sunflower/tools/tools-lib//riscv/libgcc.a(floatsidf.o)
 .debug_line    0x000000000000b08c      0x214 /data/f-of-e-tools/tools/sunflower/tools/tools-lib//riscv/libgcc.a(floatunsidf.o)
 .debug_line    0x000000000000b2a0       0x86 /data/f-of-e-tools/tools/sunflower/tools/tools-lib//riscv/libgcc.a(muldi3.o)
 .debug_line    0x000000000000b326      0x15c /data/f-of-e-tools/tools/sunflower/tools/tools-lib//riscv/libgcc.a(div.o)
 .debug_line    0x000000000000b482      0x1fe /data/f-of-e-tools/tools/sunflower/tools/tools-lib//riscv/libgcc.a(_clz.o)
 .debug_line    0x000000000000b680      0x2d2 /data/f-of-e-tools/tools/sunflower/tools/tools-lib//riscv/libgcc.a(_clzsi2.o)
 .debug_line    0x000000000000b952     0x180e /data/f-of-e-tools/tools/sunflower/tools/tools-lib//riscv/libgloss.a(syscalls.o)

.debug_frame    0x0000000000000000     0x1530
 *(.debug_frame)
 .debug_frame   0x0000000000000000      0x554 /data/f-of-e-tools/tools/sunflower/tools/tools-lib//riscv/libprintf.a(printf.o)
 .debug_frame   0x0000000000000554       0x4c /data/f-of-e-tools/tools/sunflower/tools/tools-lib//riscv/libprintf.a(putchar.o)
 .debug_frame   0x00000000000005a0       0x30 /data/f-of-e-tools/tools/sunflower/tools/tools-lib//riscv/libc.a(lib_a-exit.o)
 .debug_frame   0x00000000000005d0       0x20 /data/f-of-e-tools/tools/sunflower/tools/tools-lib//riscv/libc.a(lib_a-memcpy.o)
 .debug_frame   0x00000000000005f0       0x20 /data/f-of-e-tools/tools/sunflower/tools/tools-lib//riscv/libc.a(lib_a-syswrite.o)
 .debug_frame   0x0000000000000610       0x70 /data/f-of-e-tools/tools/sunflower/tools/tools-lib//riscv/libc.a(lib_a-writer.o)
 .debug_frame   0x0000000000000680       0x90 /data/f-of-e-tools/tools/sunflower/tools/tools-lib//riscv/libc.a(lib_a-__call_atexit.o)
 .debug_frame   0x0000000000000710       0xc8 /data/f-of-e-tools/tools/sunflower/tools/tools-lib//riscv/libc.a(lib_a-reent.o)
 .debug_frame   0x00000000000007d8      0x118 /data/f-of-e-tools/tools/sunflower/tools/tools-lib//riscv/libc.a(lib_a-freer.o)
 .debug_frame   0x00000000000008f0       0x94 /data/f-of-e-tools/tools/sunflower/tools/tools-lib//riscv/libc.a(lib_a-mallocr.o)
 .debug_frame   0x0000000000000984       0x30 /data/f-of-e-tools/tools/sunflower/tools/tools-lib//riscv/libc.a(lib_a-mlock.o)
 .debug_frame   0x00000000000009b4       0x70 /data/f-of-e-tools/tools/sunflower/tools/tools-lib//riscv/libc.a(lib_a-sbrkr.o)
 .debug_frame   0x0000000000000a24       0x94 /data/f-of-e-tools/tools/sunflower/tools/tools-lib//riscv/libgcc.a(_udivdi3.o)
 .debug_frame   0x0000000000000ab8       0x9c /data/f-of-e-tools/tools/sunflower/tools/tools-lib//riscv/libgcc.a(_umoddi3.o)
 .debug_frame   0x0000000000000b54       0x68 /data/f-of-e-tools/tools/sunflower/tools/tools-lib//riscv/libgcc.a(adddf3.o)
 .debug_frame   0x0000000000000bbc       0xa8 /data/f-of-e-tools/tools/sunflower/tools/tools-lib//riscv/libgcc.a(divdf3.o)
 .debug_frame   0x0000000000000c64       0x20 /data/f-of-e-tools/tools/sunflower/tools/tools-lib//riscv/libgcc.a(eqdf2.o)
 .debug_frame   0x0000000000000c84       0x20 /data/f-of-e-tools/tools/sunflower/tools/tools-lib//riscv/libgcc.a(gedf2.o)
 .debug_frame   0x0000000000000ca4       0x20 /data/f-of-e-tools/tools/sunflower/tools/tools-lib//riscv/libgcc.a(ledf2.o)
 .debug_frame   0x0000000000000cc4       0x88 /data/f-of-e-tools/tools/sunflower/tools/tools-lib//riscv/libgcc.a(muldf3.o)
 .debug_frame   0x0000000000000d4c       0x68 /data/f-of-e-tools/tools/sunflower/tools/tools-lib//riscv/libgcc.a(subdf3.o)
 .debug_frame   0x0000000000000db4       0x20 /data/f-of-e-tools/tools/sunflower/tools/tools-lib//riscv/libgcc.a(fixdfsi.o)
 .debug_frame   0x0000000000000dd4       0x20 /data/f-of-e-tools/tools/sunflower/tools/tools-lib//riscv/libgcc.a(fixunsdfsi.o)
 .debug_frame   0x0000000000000df4       0x54 /data/f-of-e-tools/tools/sunflower/tools/tools-lib//riscv/libgcc.a(floatsidf.o)
 .debug_frame   0x0000000000000e48       0x4c /data/f-of-e-tools/tools/sunflower/tools/tools-lib//riscv/libgcc.a(floatunsidf.o)
 .debug_frame   0x0000000000000e94       0x20 /data/f-of-e-tools/tools/sunflower/tools/tools-lib//riscv/libgcc.a(_clzsi2.o)
 .debug_frame   0x0000000000000eb4      0x67c /data/f-of-e-tools/tools/sunflower/tools/tools-lib//riscv/libgloss.a(syscalls.o)

.debug_str      0x0000000000000000     0x1b48
 *(.debug_str)
 .debug_str     0x0000000000000000      0x280 /data/f-of-e-tools/tools/sunflower/tools/tools-lib//riscv/libprintf.a(printf.o)
                                        0x336 (size before relaxing)
 .debug_str     0x0000000000000280       0x71 /data/f-of-e-tools/tools/sunflower/tools/tools-lib//riscv/libprintf.a(putchar.o)
                                        0x171 (size before relaxing)
 .debug_str     0x00000000000002f1      0x490 /data/f-of-e-tools/tools/sunflower/tools/tools-lib//riscv/libc.a(lib_a-exit.o)
                                        0x5a5 (size before relaxing)
 .debug_str     0x0000000000000781       0xa1 /data/f-of-e-tools/tools/sunflower/tools/tools-lib//riscv/libc.a(lib_a-impure.o)
                                        0x559 (size before relaxing)
 .debug_str     0x0000000000000822       0xba /data/f-of-e-tools/tools/sunflower/tools/tools-lib//riscv/libc.a(lib_a-memcpy.o)
                                        0x58f (size before relaxing)
 .debug_str     0x00000000000008dc       0xa6 /data/f-of-e-tools/tools/sunflower/tools/tools-lib//riscv/libc.a(lib_a-syswrite.o)
                                        0x598 (size before relaxing)
 .debug_str     0x0000000000000982       0x2a /data/f-of-e-tools/tools/sunflower/tools/tools-lib//riscv/libc.a(lib_a-writer.o)
                                        0x590 (size before relaxing)
 .debug_str     0x00000000000009ac       0x59 /data/f-of-e-tools/tools/sunflower/tools/tools-lib//riscv/libc.a(lib_a-__call_atexit.o)
                                        0x5a2 (size before relaxing)
 .debug_str     0x0000000000000a05       0x5d /data/f-of-e-tools/tools/sunflower/tools/tools-lib//riscv/libc.a(lib_a-reent.o)
                                        0x595 (size before relaxing)
 .debug_str     0x0000000000000a62      0x1af /data/f-of-e-tools/tools/sunflower/tools/tools-lib//riscv/libc.a(lib_a-freer.o)
                                        0x73a (size before relaxing)
 .debug_str     0x0000000000000c11       0xc0 /data/f-of-e-tools/tools/sunflower/tools/tools-lib//riscv/libc.a(lib_a-mallocr.o)
                                        0x7c1 (size before relaxing)
 .debug_str     0x0000000000000cd1       0x43 /data/f-of-e-tools/tools/sunflower/tools/tools-lib//riscv/libc.a(lib_a-mlock.o)
                                        0x585 (size before relaxing)
 .debug_str     0x0000000000000d14       0x3e /data/f-of-e-tools/tools/sunflower/tools/tools-lib//riscv/libc.a(lib_a-sbrkr.o)
                                        0x59c (size before relaxing)
 .debug_str     0x0000000000000d52      0x2f6 /data/f-of-e-tools/tools/sunflower/tools/tools-lib//riscv/libgcc.a(_udivdi3.o)
                                        0x7dc (size before relaxing)
 .debug_str     0x0000000000001048        0xa /data/f-of-e-tools/tools/sunflower/tools/tools-lib//riscv/libgcc.a(_umoddi3.o)
                                        0x7dc (size before relaxing)
 .debug_str     0x0000000000001052      0x1fb /data/f-of-e-tools/tools/sunflower/tools/tools-lib//riscv/libgcc.a(adddf3.o)
                                        0x2e7 (size before relaxing)
 .debug_str     0x000000000000124d      0x18c /data/f-of-e-tools/tools/sunflower/tools/tools-lib//riscv/libgcc.a(divdf3.o)
                                        0x3b5 (size before relaxing)
 .debug_str     0x00000000000013d9       0x47 /data/f-of-e-tools/tools/sunflower/tools/tools-lib//riscv/libgcc.a(eqdf2.o)
                                        0x201 (size before relaxing)
 .debug_str     0x0000000000001420       0x4c /data/f-of-e-tools/tools/sunflower/tools/tools-lib//riscv/libgcc.a(gedf2.o)
                                        0x225 (size before relaxing)
 .debug_str     0x000000000000146c       0x28 /data/f-of-e-tools/tools/sunflower/tools/tools-lib//riscv/libgcc.a(ledf2.o)
                                        0x225 (size before relaxing)
 .debug_str     0x0000000000001494      0x14f /data/f-of-e-tools/tools/sunflower/tools/tools-lib//riscv/libgcc.a(muldf3.o)
                                        0x40d (size before relaxing)
 .debug_str     0x00000000000015e3       0x2a /data/f-of-e-tools/tools/sunflower/tools/tools-lib//riscv/libgcc.a(subdf3.o)
                                        0x2e7 (size before relaxing)
 .debug_str     0x000000000000160d       0x3f /data/f-of-e-tools/tools/sunflower/tools/tools-lib//riscv/libgcc.a(fixdfsi.o)
                                        0x1fe (size before relaxing)
 .debug_str     0x000000000000164c       0x32 /data/f-of-e-tools/tools/sunflower/tools/tools-lib//riscv/libgcc.a(fixunsdfsi.o)
                                        0x1fd (size before relaxing)
 .debug_str     0x000000000000167e       0x5d /data/f-of-e-tools/tools/sunflower/tools/tools-lib//riscv/libgcc.a(floatsidf.o)
                                        0x294 (size before relaxing)
 .debug_str     0x00000000000016db       0x34 /data/f-of-e-tools/tools/sunflower/tools/tools-lib//riscv/libgcc.a(floatunsidf.o)
                                        0x291 (size before relaxing)
 .debug_str     0x000000000000170f       0x34 /data/f-of-e-tools/tools/sunflower/tools/tools-lib//riscv/libgcc.a(muldi3.o)
                                         0x88 (size before relaxing)
 .debug_str     0x0000000000001743       0x23 /data/f-of-e-tools/tools/sunflower/tools/tools-lib//riscv/libgcc.a(div.o)
                                         0x85 (size before relaxing)
 .debug_str     0x0000000000001766      0x717 /data/f-of-e-tools/tools/sunflower/tools/tools-lib//riscv/libgcc.a(_clz.o)
 .debug_str     0x0000000000001766        0x9 /data/f-of-e-tools/tools/sunflower/tools/tools-lib//riscv/libgcc.a(_clzsi2.o)
                                        0x734 (size before relaxing)
 .debug_str     0x000000000000176f      0x3d9 /data/f-of-e-tools/tools/sunflower/tools/tools-lib//riscv/libgloss.a(syscalls.o)
                                        0x979 (size before relaxing)

.debug_loc      0x0000000000000000     0xbb63
 *(.debug_loc)
 .debug_loc     0x0000000000000000       0x1e /data/f-of-e-tools/tools/sunflower/tools/tools-lib//riscv/libc.a(lib_a-exit.o)
 .debug_loc     0x000000000000001e      0x280 /data/f-of-e-tools/tools/sunflower/tools/tools-lib//riscv/libc.a(lib_a-memcpy.o)
 .debug_loc     0x000000000000029e       0x84 /data/f-of-e-tools/tools/sunflower/tools/tools-lib//riscv/libc.a(lib_a-syswrite.o)
 .debug_loc     0x0000000000000322       0xbe /data/f-of-e-tools/tools/sunflower/tools/tools-lib//riscv/libc.a(lib_a-writer.o)
 .debug_loc     0x00000000000003e0      0x16e /data/f-of-e-tools/tools/sunflower/tools/tools-lib//riscv/libc.a(lib_a-__call_atexit.o)
 .debug_loc     0x000000000000054e      0x136 /data/f-of-e-tools/tools/sunflower/tools/tools-lib//riscv/libc.a(lib_a-reent.o)
 .debug_loc     0x0000000000000684      0x5b5 /data/f-of-e-tools/tools/sunflower/tools/tools-lib//riscv/libc.a(lib_a-freer.o)
 .debug_loc     0x0000000000000c39      0xab7 /data/f-of-e-tools/tools/sunflower/tools/tools-lib//riscv/libc.a(lib_a-mallocr.o)
 .debug_loc     0x00000000000016f0       0x66 /data/f-of-e-tools/tools/sunflower/tools/tools-lib//riscv/libc.a(lib_a-sbrkr.o)
 .debug_loc     0x0000000000001756     0x11d5 /data/f-of-e-tools/tools/sunflower/tools/tools-lib//riscv/libgcc.a(_udivdi3.o)
 .debug_loc     0x000000000000292b      0xd50 /data/f-of-e-tools/tools/sunflower/tools/tools-lib//riscv/libgcc.a(_umoddi3.o)
 .debug_loc     0x000000000000367b     0x1ce3 /data/f-of-e-tools/tools/sunflower/tools/tools-lib//riscv/libgcc.a(adddf3.o)
 .debug_loc     0x000000000000535e     0x19fb /data/f-of-e-tools/tools/sunflower/tools/tools-lib//riscv/libgcc.a(divdf3.o)
 .debug_loc     0x0000000000006d59       0x9a /data/f-of-e-tools/tools/sunflower/tools/tools-lib//riscv/libgcc.a(eqdf2.o)
 .debug_loc     0x0000000000006df3      0x2a9 /data/f-of-e-tools/tools/sunflower/tools/tools-lib//riscv/libgcc.a(gedf2.o)
 .debug_loc     0x000000000000709c      0x1d7 /data/f-of-e-tools/tools/sunflower/tools/tools-lib//riscv/libgcc.a(ledf2.o)
 .debug_loc     0x0000000000007273     0x1138 /data/f-of-e-tools/tools/sunflower/tools/tools-lib//riscv/libgcc.a(muldf3.o)
 .debug_loc     0x00000000000083ab     0x19bb /data/f-of-e-tools/tools/sunflower/tools/tools-lib//riscv/libgcc.a(subdf3.o)
 .debug_loc     0x0000000000009d66      0x15b /data/f-of-e-tools/tools/sunflower/tools/tools-lib//riscv/libgcc.a(fixdfsi.o)
 .debug_loc     0x0000000000009ec1       0xbc /data/f-of-e-tools/tools/sunflower/tools/tools-lib//riscv/libgcc.a(fixunsdfsi.o)
 .debug_loc     0x0000000000009f7d      0x1dc /data/f-of-e-tools/tools/sunflower/tools/tools-lib//riscv/libgcc.a(floatsidf.o)
 .debug_loc     0x000000000000a159      0x18b /data/f-of-e-tools/tools/sunflower/tools/tools-lib//riscv/libgcc.a(floatunsidf.o)
 .debug_loc     0x000000000000a2e4       0xf5 /data/f-of-e-tools/tools/sunflower/tools/tools-lib//riscv/libgcc.a(_clzsi2.o)
 .debug_loc     0x000000000000a3d9     0x178a /data/f-of-e-tools/tools/sunflower/tools/tools-lib//riscv/libgloss.a(syscalls.o)

.debug_macinfo
 *(.debug_macinfo)

.debug_weaknames
 *(.debug_weaknames)

.debug_funcnames
 *(.debug_funcnames)

.debug_typenames
 *(.debug_typenames)

.debug_varnames
 *(.debug_varnames)

.debug_pubtypes
 *(.debug_pubtypes)

.debug_ranges   0x0000000000000000     0x1170
 *(.debug_ranges)
 .debug_ranges  0x0000000000000000       0x28 /data/f-of-e-tools/tools/sunflower/tools/tools-lib//riscv/libc.a(lib_a-memcpy.o)
 .debug_ranges  0x0000000000000028       0x28 /data/f-of-e-tools/tools/sunflower/tools/tools-lib//riscv/libc.a(lib_a-writer.o)
 .debug_ranges  0x0000000000000050       0x20 /data/f-of-e-tools/tools/sunflower/tools/tools-lib//riscv/libc.a(lib_a-__call_atexit.o)
 .debug_ranges  0x0000000000000070       0x30 /data/f-of-e-tools/tools/sunflower/tools/tools-lib//riscv/libc.a(lib_a-mallocr.o)
 .debug_ranges  0x00000000000000a0      0x198 /data/f-of-e-tools/tools/sunflower/tools/tools-lib//riscv/libgcc.a(_udivdi3.o)
 .debug_ranges  0x0000000000000238      0x170 /data/f-of-e-tools/tools/sunflower/tools/tools-lib//riscv/libgcc.a(_umoddi3.o)
 .debug_ranges  0x00000000000003a8      0x298 /data/f-of-e-tools/tools/sunflower/tools/tools-lib//riscv/libgcc.a(adddf3.o)
 .debug_ranges  0x0000000000000640      0x1b0 /data/f-of-e-tools/tools/sunflower/tools/tools-lib//riscv/libgcc.a(divdf3.o)
 .debug_ranges  0x00000000000007f0       0x48 /data/f-of-e-tools/tools/sunflower/tools/tools-lib//riscv/libgcc.a(eqdf2.o)
 .debug_ranges  0x0000000000000838       0x68 /data/f-of-e-tools/tools/sunflower/tools/tools-lib//riscv/libgcc.a(gedf2.o)
 .debug_ranges  0x00000000000008a0       0x78 /data/f-of-e-tools/tools/sunflower/tools/tools-lib//riscv/libgcc.a(ledf2.o)
 .debug_ranges  0x0000000000000918      0x210 /data/f-of-e-tools/tools/sunflower/tools/tools-lib//riscv/libgcc.a(muldf3.o)
 .debug_ranges  0x0000000000000b28      0x2a8 /data/f-of-e-tools/tools/sunflower/tools/tools-lib//riscv/libgcc.a(subdf3.o)
 .debug_ranges  0x0000000000000dd0       0x18 /data/f-of-e-tools/tools/sunflower/tools/tools-lib//riscv/libgcc.a(fixdfsi.o)
 .debug_ranges  0x0000000000000de8       0x20 /data/f-of-e-tools/tools/sunflower/tools/tools-lib//riscv/libgcc.a(fixunsdfsi.o)
 .debug_ranges  0x0000000000000e08       0x78 /data/f-of-e-tools/tools/sunflower/tools/tools-lib//riscv/libgcc.a(floatsidf.o)
 .debug_ranges  0x0000000000000e80       0x68 /data/f-of-e-tools/tools/sunflower/tools/tools-lib//riscv/libgcc.a(floatunsidf.o)
 .debug_ranges  0x0000000000000ee8       0x30 /data/f-of-e-tools/tools/sunflower/tools/tools-lib//riscv/libgcc.a(_clzsi2.o)
 .debug_ranges  0x0000000000000f18      0x258 /data/f-of-e-tools/tools/sunflower/tools/tools-lib//riscv/libgloss.a(syscalls.o)

.debug_macro
 *(.debug_macro)

.debug_addr
 *(.debug_addr)

.gnu.attributes
 *(.gnu.attributes)

/DISCARD/
 *(.note.GNU-stack)
 *(.gnu_debuglink)
 *(.gnu.lto_*)
OUTPUT(bsort-sf elf32-littleriscv)
